   if 1=2 " {
      foo
      if x=y " {
         echo 'x is equal to y'
      endif " }
      bar
   endif " }
   fini
